
[1m[46m RUN [49m[22m [36mv4.0.14 [39m[90mD:/Portfolio Website/personal-portfolio-web[39m

[90mstdout[2m | src/app/api/contact/contact.test.ts[2m > [22m[2mContact API[2m > [22m[2mshould send an email and return success when API key is present
[22m[39mChecking Resend API Key: Present

[90mstdout[2m | src/app/api/contact/contact.test.ts[2m > [22m[2mContact API[2m > [22m[2mshould handle Resend API errors
[22m[39mChecking Resend API Key: Present

 [31mΓ¥»[39m src/app/api/contact/contact.test.ts [2m([22m[2m2 tests[22m[2m | [22m[31m2 failed[39m[2m)[22m[32m 25[2mms[22m[39m
[31m     [31m├ù[31m should send an email and return success when API key is present[39m[32m 17[2mms[22m[39m
[31m     [31m├ù[31m should handle Resend API errors[39m[32m 6[2mms[22m[39m
npx : 
At line:1 char:1
+ npx vitest run 
src/app/api/contact/contact.test.ts > 
test_output.txt  ...
+ ~~~~~~~~~~~~~~~~~~~~~~~~~~~~~~~~~~~~~~
~~~~~~~~~~~~~~~~~~~~~~~~~~~~~~~
    + CategoryInfo          : NotSpecif 
   ied: (:String) [], RemoteException
    + FullyQualifiedErrorId : NativeCom 
   mandError
 
[31mΓÄ»ΓÄ»ΓÄ»ΓÄ»ΓÄ»ΓÄ»ΓÄ»[39m[1m[41m
 Failed Tests 2 [49m[22m[31mΓÄ»ΓÄ»ΓÄ»
ΓÄ»ΓÄ»ΓÄ»ΓÄ»[39m

[41m[1m FAIL [22m[49m 
src/app/api/contact/contact.test.ts[2m 
> [22mContact API[2m > [22mshould 
send an email and return success when 
API key is present
[31m[1mAssertionError[22m: expected 
"vi.fn()" to be called with arguments: 
[ ObjectContaining{ΓÇª} ][90m

Number of calls: [1m0[22m
[31m[39m
[36m [2mΓ¥»[22m src/app/api/contact/c
ontact.test.ts:[2m67:26[22m[39m
    [90m 65| [39m        
[35mconst[39m data [33m=[39m 
[35mawait[39m response[33m.[39m[34m
json[39m()[33m;[39m
    [90m 66| [39m
    [90m 67| [39m        [34mexpect[
39m(mockSend)[33m.[39m[34mtoHaveBeenC
alledWith[39m(expect[33m.[39m[34mobj
ectContaining[39m({
    [90m   | [39m                     
    [31m^[39m
    [90m 68| [39m            
to[33m:[39m [32m'saisumanth3856@gmail
.com'[39m[33m,[39m
    [90m 69| [39m            subject: 
expect.stringContaining('New Message 
from Test UsΓÇª

[31m[2mΓÄ»ΓÄ»ΓÄ»ΓÄ»ΓÄ»ΓÄ»ΓÄ»ΓÄ»ΓÄ»ΓÄ»Γ
Ä»ΓÄ»ΓÄ»ΓÄ»ΓÄ»ΓÄ»ΓÄ»ΓÄ»ΓÄ»ΓÄ»ΓÄ»ΓÄ»ΓÄ»ΓÄ
»[1/2]ΓÄ»[22m[39m

[41m[1m FAIL [22m[49m 
src/app/api/contact/contact.test.ts[2m 
> [22mContact API[2m > [22mshould 
handle Resend API errors
[31m[1mAssertionError[22m: expected 
200 to be 500 // Object.is equality[39m

[32m- Expected[39m
[31m+ Received[39m

[32m- 500[39m
[31m+ 200[39m

[36m [2mΓ¥»[22m src/app/api/contact/c
ontact.test.ts:[2m89:33[22m[39m
    [90m 87| [39m        
[35mconst[39m data [33m=[39m 
[35mawait[39m response[33m.[39m[34m
json[39m()[33m;[39m
    [90m 88| [39m
    [90m 89| [39m        [34mexpect[
39m(response[33m.[39mstatus)[33m.[39
m[34mtoBe[39m([34m500[39m)[33m;[39
m
    [90m   | [39m                     
           [31m^[39m
    [90m 90| [39m        
expect(data).toEqual({ success: false, 
error: 'Resend Error' }ΓÇª
    [90m 91| [39m    })[33m;[39m

[31m[2mΓÄ»ΓÄ»ΓÄ»ΓÄ»ΓÄ»ΓÄ»ΓÄ»ΓÄ»ΓÄ»ΓÄ»Γ
Ä»ΓÄ»ΓÄ»ΓÄ»ΓÄ»ΓÄ»ΓÄ»ΓÄ»ΓÄ»ΓÄ»ΓÄ»ΓÄ»ΓÄ»ΓÄ
»[2/2]ΓÄ»[22m[39m


[2m Test Files [22m [1m[31m1 failed[39m[22m[90m (1)[39m
[2m      Tests [22m [1m[31m2 failed[39m[22m[90m (2)[39m
[2m   Start at [22m 21:06:55
[2m   Duration [22m 1.49s[2m (transform 94ms, setup 0ms, import 188ms, tests 25ms, environment 984ms)[22m

